// Jest Snapshot v1, https://goo.gl/fbAQLP

exports[`TodoLists snapshots renders TodoLists 1`] = `
<div>
  <h1>
    TodoLists
  </h1>
</div>
`;
